---
source: crates/oxide-agent-core/tests/modular_registry_snapshots.rs
expression: "serde_json::to_string_pretty(&snapshot).expect(\"snapshot should serialize\")"
---
{
  "profile": "profile-full",
  "compiled_manifest": {
    "capabilities": [
      {
        "id": "integration/mcp-jira",
        "module": "integration/mcp-jira"
      },
      {
        "id": "integration/mcp-mattermost",
        "module": "integration/mcp-mattermost"
      },
      {
        "id": "integration/ssh-mcp",
        "module": "integration/ssh-mcp"
      },
      {
        "id": "llm-provider/anthropic",
        "module": "llm-provider/anthropic"
      },
      {
        "id": "llm-provider/mistral",
        "module": "llm-provider/mistral"
      },
      {
        "id": "llm-provider/openai-base",
        "module": "llm-provider/openai-base"
      },
      {
        "id": "llm-provider/openai-chatgpt",
        "module": "llm-provider/openai-chatgpt"
      },
      {
        "id": "llm-provider/opencode-go",
        "module": "llm-provider/opencode-go"
      },
      {
        "id": "llm-provider/opencode-zen",
        "module": "llm-provider/opencode-zen"
      },
      {
        "id": "llm-provider/openrouter",
        "module": "llm-provider/openrouter"
      },
      {
        "id": "manager/agent-profile-admin",
        "module": "manager/control-plane"
      },
      {
        "id": "manager/control-plane",
        "module": "manager/control-plane"
      },
      {
        "id": "manager/topic-sandbox-admin",
        "module": "manager/control-plane"
      },
      {
        "id": "sandbox-backend/docker-direct",
        "module": "sandbox-backend/docker-direct"
      },
      {
        "id": "sandbox-backend/docker-direct/diagnostics",
        "module": "sandbox-backend/docker-direct"
      },
      {
        "id": "sandbox-backend/docker-direct/exec",
        "module": "sandbox-backend/docker-direct"
      },
      {
        "id": "sandbox-backend/docker-direct/fileops",
        "module": "sandbox-backend/docker-direct"
      },
      {
        "id": "sandbox-backend/docker-direct/lifecycle",
        "module": "sandbox-backend/docker-direct"
      },
      {
        "id": "sandbox-backend/sandboxd-client",
        "module": "sandbox-backend/sandboxd-client"
      },
      {
        "id": "sandbox-backend/sandboxd-client/diagnostics",
        "module": "sandbox-backend/sandboxd-client"
      },
      {
        "id": "sandbox-backend/sandboxd-client/exec",
        "module": "sandbox-backend/sandboxd-client"
      },
      {
        "id": "sandbox-backend/sandboxd-client/fileops",
        "module": "sandbox-backend/sandboxd-client"
      },
      {
        "id": "sandbox-backend/sandboxd-client/lifecycle",
        "module": "sandbox-backend/sandboxd-client"
      },
      {
        "id": "sandbox-daemon/sandboxd",
        "module": "sandbox-daemon/sandboxd"
      },
      {
        "id": "storage/sqlx",
        "module": "storage/sqlx"
      },
      {
        "id": "tool/agents-md",
        "module": "tool/agents-md"
      },
      {
        "id": "tool/brave-search",
        "module": "tool/brave-search"
      },
      {
        "id": "tool/browser-close",
        "module": "tool/browser-live"
      },
      {
        "id": "tool/browser-debug",
        "module": "tool/browser-live"
      },
      {
        "id": "tool/browser-observe",
        "module": "tool/browser-live"
      },
      {
        "id": "tool/browser-start",
        "module": "tool/browser-live"
      },
      {
        "id": "tool/browser-step",
        "module": "tool/browser-live"
      },
      {
        "id": "tool/compression",
        "module": "tool/compression"
      },
      {
        "id": "tool/crw-scrape",
        "module": "tool/crw"
      },
      {
        "id": "tool/crw-search",
        "module": "tool/crw"
      },
      {
        "id": "tool/delegation",
        "module": "tool/delegation"
      },
      {
        "id": "tool/file-delivery",
        "module": "tool/file-delivery"
      },
      {
        "id": "tool/media-audio-transcription",
        "module": "tool/media-audio"
      },
      {
        "id": "tool/media-image-description",
        "module": "tool/media-image"
      },
      {
        "id": "tool/media-video-description",
        "module": "tool/media-video"
      },
      {
        "id": "tool/reminder",
        "module": "tool/reminder"
      },
      {
        "id": "tool/sandbox-exec",
        "module": "tool/sandbox-exec"
      },
      {
        "id": "tool/sandbox-fileops",
        "module": "tool/sandbox-fileops"
      },
      {
        "id": "tool/sandbox-list-files",
        "module": "tool/sandbox-fileops"
      },
      {
        "id": "tool/sandbox-recreate",
        "module": "tool/sandbox-recreate"
      },
      {
        "id": "tool/stack-logs",
        "module": "tool/stack-logs"
      },
      {
        "id": "tool/tavily-extract",
        "module": "tool/tavily"
      },
      {
        "id": "tool/tavily-search",
        "module": "tool/tavily"
      },
      {
        "id": "tool/todos",
        "module": "tool/todos"
      },
      {
        "id": "tool/tts-kokoro",
        "module": "tool/tts-kokoro"
      },
      {
        "id": "tool/tts-silero",
        "module": "tool/tts-silero"
      },
      {
        "id": "tool/web-crawler",
        "module": "tool/web-crawler"
      },
      {
        "id": "tool/webfetch-md",
        "module": "tool/webfetch-md"
      },
      {
        "id": "tool/wiki-memory",
        "module": "tool/wiki-memory"
      },
      {
        "id": "tool/ytdlp-download",
        "module": "tool/ytdlp"
      },
      {
        "id": "tool/ytdlp-metadata",
        "module": "tool/ytdlp"
      },
      {
        "id": "tool/ytdlp-transcript",
        "module": "tool/ytdlp"
      },
      {
        "id": "transport/telegram",
        "module": "transport/telegram"
      },
      {
        "id": "transport/web",
        "module": "transport/web"
      }
    ],
    "modules": [
      {
        "cargo_feature": "integration-mcp-jira",
        "config_properties": [],
        "conflicts": [],
        "id": "integration/mcp-jira",
        "kind": "mcp-integration",
        "provides": [
          "integration/mcp-jira"
        ],
        "requires": []
      },
      {
        "cargo_feature": "integration-mcp-mattermost",
        "config_properties": [],
        "conflicts": [],
        "id": "integration/mcp-mattermost",
        "kind": "mcp-integration",
        "provides": [
          "integration/mcp-mattermost"
        ],
        "requires": []
      },
      {
        "cargo_feature": "integration-ssh-mcp",
        "config_properties": [],
        "conflicts": [],
        "id": "integration/ssh-mcp",
        "kind": "mcp-integration",
        "provides": [
          "integration/ssh-mcp"
        ],
        "requires": []
      },
      {
        "cargo_feature": "llm-minimax",
        "config_properties": [
          {
            "default_value": null,
            "description": "Anthropic API key.",
            "env": "ANTHROPIC_API_KEY",
            "name": "api_key",
            "secret": true,
            "value_kind": "string"
          }
        ],
        "conflicts": [],
        "id": "llm-provider/anthropic",
        "kind": "llm-provider",
        "provides": [
          "llm-provider/anthropic"
        ],
        "requires": []
      },
      {
        "cargo_feature": "llm-mistral",
        "config_properties": [
          {
            "default_value": null,
            "description": "Mistral API key.",
            "env": "MISTRAL_API_KEY",
            "name": "api_key",
            "secret": true,
            "value_kind": "string"
          }
        ],
        "conflicts": [],
        "id": "llm-provider/mistral",
        "kind": "llm-provider",
        "provides": [
          "llm-provider/mistral"
        ],
        "requires": []
      },
      {
        "cargo_feature": "llm-openai-base",
        "config_properties": [
          {
            "default_value": null,
            "description": "OpenAI-compatible provider instances configured via OPENAI_BASE_PROVIDERS__N__* env vars.",
            "env": "OPENAI_BASE_PROVIDERS__N__NAME",
            "name": "providers",
            "secret": false,
            "value_kind": "string"
          },
          {
            "default_value": null,
            "description": "OpenAI-compatible API base URL or chat completions endpoint for provider instance N.",
            "env": "OPENAI_BASE_PROVIDERS__N__API_BASE",
            "name": "providers.N.api_base",
            "secret": false,
            "value_kind": "string"
          },
          {
            "default_value": null,
            "description": "Optional bearer token for OpenAI-compatible provider instance N.",
            "env": "OPENAI_BASE_PROVIDERS__N__API_KEY",
            "name": "providers.N.api_key",
            "secret": true,
            "value_kind": "string"
          },
          {
            "default_value": "1800",
            "description": "OpenAI Base model discovery cache TTL for provider instance N.",
            "env": "OPENAI_BASE_PROVIDERS__N__MODEL_CACHE_TTL_SECS",
            "name": "providers.N.model_cache_ttl_secs",
            "secret": false,
            "value_kind": "string"
          },
          {
            "default_value": null,
            "description": "Optional OpenAI-compatible model discovery endpoint for provider instance N. Defaults to api_base /models.",
            "env": "OPENAI_BASE_PROVIDERS__N__MODELS_URL",
            "name": "providers.N.models_url",
            "secret": false,
            "value_kind": "string"
          },
          {
            "default_value": null,
            "description": "Behavioral profile for provider instance N: 'generic' (default), 'mistral', or 'zai'. Controls tool-call ID mapping, message layout, response parsing, temperatures, streaming, reasoning, and audio transcription.",
            "env": "OPENAI_BASE_PROVIDERS__N__PROFILE",
            "name": "providers.N.profile",
            "secret": false,
            "value_kind": "string"
          }
        ],
        "conflicts": [],
        "id": "llm-provider/openai-base",
        "kind": "llm-provider",
        "provides": [
          "llm-provider/openai-base"
        ],
        "requires": []
      },
      {
        "cargo_feature": "llm-chatgpt",
        "config_properties": [
          {
            "default_value": null,
            "description": "Path to the ChatGPT/Codex OAuth auth record.",
            "env": "CHATGPT_AUTH_PATH",
            "name": "auth_path",
            "secret": false,
            "value_kind": "string"
          }
        ],
        "conflicts": [],
        "id": "llm-provider/openai-chatgpt",
        "kind": "llm-provider",
        "provides": [
          "llm-provider/openai-chatgpt"
        ],
        "requires": []
      },
      {
        "cargo_feature": "llm-opencode-go",
        "config_properties": [
          {
            "default_value": "https://opencode.ai/zen/go/v1/chat/completions",
            "description": "OpenCode Go Chat Completions endpoint.",
            "env": "OPENCODE_GO_API_BASE",
            "name": "api_base",
            "secret": false,
            "value_kind": "string"
          },
          {
            "default_value": null,
            "description": "OpenCode Go API key. Also accepts OPENCODE_ZEN_API_KEY and legacy OPENCODE_GO_API_KEY.",
            "env": "OPENCODE_API_KEY",
            "name": "api_key",
            "secret": true,
            "value_kind": "string"
          },
          {
            "default_value": "https://opencode.ai/zen/go/v1/messages",
            "description": "OpenCode Go Anthropic Messages endpoint.",
            "env": "OPENCODE_GO_MESSAGES_API_BASE",
            "name": "messages_api_base",
            "secret": false,
            "value_kind": "string"
          },
          {
            "default_value": "1800",
            "description": "OpenCode Go model discovery cache TTL.",
            "env": "OPENCODE_GO_MODEL_CACHE_TTL_SECS",
            "name": "model_cache_ttl_secs",
            "secret": false,
            "value_kind": "string"
          },
          {
            "default_value": "https://opencode.ai/zen/go/v1/models",
            "description": "OpenCode Go model discovery endpoint.",
            "env": "OPENCODE_GO_MODELS_URL",
            "name": "models_url",
            "secret": false,
            "value_kind": "string"
          }
        ],
        "conflicts": [],
        "id": "llm-provider/opencode-go",
        "kind": "llm-provider",
        "provides": [
          "llm-provider/opencode-go"
        ],
        "requires": []
      },
      {
        "cargo_feature": "llm-opencode-go",
        "config_properties": [
          {
            "default_value": "https://opencode.ai/zen/v1/chat/completions",
            "description": "OpenCode Zen Chat Completions endpoint.",
            "env": "OPENCODE_ZEN_API_BASE",
            "name": "api_base",
            "secret": false,
            "value_kind": "string"
          },
          {
            "default_value": null,
            "description": "OpenCode Zen API key. Also accepts OPENCODE_API_KEY and OPENCODE_GO_API_KEY.",
            "env": "OPENCODE_ZEN_API_KEY",
            "name": "api_key",
            "secret": true,
            "value_kind": "string"
          },
          {
            "default_value": "https://opencode.ai/zen/v1/messages",
            "description": "OpenCode Zen Anthropic Messages endpoint.",
            "env": "OPENCODE_ZEN_MESSAGES_API_BASE",
            "name": "messages_api_base",
            "secret": false,
            "value_kind": "string"
          },
          {
            "default_value": "1800",
            "description": "OpenCode Zen model discovery cache TTL.",
            "env": "OPENCODE_ZEN_MODEL_CACHE_TTL_SECS",
            "name": "model_cache_ttl_secs",
            "secret": false,
            "value_kind": "string"
          },
          {
            "default_value": "https://opencode.ai/zen/v1/models",
            "description": "OpenCode Zen free model discovery endpoint.",
            "env": "OPENCODE_ZEN_MODELS_URL",
            "name": "models_url",
            "secret": false,
            "value_kind": "string"
          }
        ],
        "conflicts": [],
        "id": "llm-provider/opencode-zen",
        "kind": "llm-provider",
        "provides": [
          "llm-provider/opencode-zen"
        ],
        "requires": []
      },
      {
        "cargo_feature": "llm-openrouter",
        "config_properties": [
          {
            "default_value": null,
            "description": "OpenRouter API key.",
            "env": "OPENROUTER_API_KEY",
            "name": "api_key",
            "secret": true,
            "value_kind": "string"
          }
        ],
        "conflicts": [],
        "id": "llm-provider/openrouter",
        "kind": "llm-provider",
        "provides": [
          "llm-provider/openrouter"
        ],
        "requires": []
      },
      {
        "cargo_feature": "manager-control-plane",
        "config_properties": [],
        "conflicts": [],
        "id": "manager/control-plane",
        "kind": "manager",
        "provides": [
          "manager/agent-profile-admin",
          "manager/control-plane",
          "manager/topic-sandbox-admin"
        ],
        "requires": []
      },
      {
        "cargo_feature": "sandbox-backend-docker-direct",
        "config_properties": [],
        "conflicts": [],
        "id": "sandbox-backend/docker-direct",
        "kind": "sandbox-backend",
        "provides": [
          "sandbox-backend/docker-direct",
          "sandbox-backend/docker-direct/diagnostics",
          "sandbox-backend/docker-direct/exec",
          "sandbox-backend/docker-direct/fileops",
          "sandbox-backend/docker-direct/lifecycle"
        ],
        "requires": []
      },
      {
        "cargo_feature": "sandbox-backend-sandboxd-client",
        "config_properties": [],
        "conflicts": [],
        "id": "sandbox-backend/sandboxd-client",
        "kind": "sandbox-backend",
        "provides": [
          "sandbox-backend/sandboxd-client",
          "sandbox-backend/sandboxd-client/diagnostics",
          "sandbox-backend/sandboxd-client/exec",
          "sandbox-backend/sandboxd-client/fileops",
          "sandbox-backend/sandboxd-client/lifecycle"
        ],
        "requires": []
      },
      {
        "cargo_feature": "sandbox-daemon",
        "config_properties": [],
        "conflicts": [],
        "id": "sandbox-daemon/sandboxd",
        "kind": "service",
        "provides": [
          "sandbox-daemon/sandboxd"
        ],
        "requires": [
          {
            "capability": "sandbox-backend/docker-direct",
            "kind": "capability"
          }
        ]
      },
      {
        "cargo_feature": "storage-sqlx",
        "config_properties": [
          {
            "default_value": "10",
            "description": "Postgres pool connection/acquire timeout in seconds.",
            "env": "OXIDE_DATABASE_CONNECT_TIMEOUT_SECS",
            "name": "connect_timeout_secs",
            "secret": false,
            "value_kind": "string"
          },
          {
            "default_value": null,
            "description": "Postgres connection URL. Also accepts DATABASE_URL as a runtime fallback.",
            "env": "OXIDE_DATABASE_URL",
            "name": "database_url",
            "secret": true,
            "value_kind": "string"
          },
          {
            "default_value": "5",
            "description": "Maximum Postgres pool connections.",
            "env": "OXIDE_DATABASE_MAX_CONNECTIONS",
            "name": "max_connections",
            "secret": false,
            "value_kind": "string"
          },
          {
            "default_value": "false",
            "description": "Run SQLx migrations during storage startup when set to true.",
            "env": "OXIDE_DATABASE_MIGRATE_ON_STARTUP",
            "name": "migrate_on_startup",
            "secret": false,
            "value_kind": "string"
          },
          {
            "default_value": "migrations",
            "description": "Runtime path to SQLx migration files.",
            "env": "OXIDE_DATABASE_MIGRATIONS_DIR",
            "name": "migrations_dir",
            "secret": false,
            "value_kind": "string"
          }
        ],
        "conflicts": [],
        "id": "storage/sqlx",
        "kind": "storage-backend",
        "provides": [
          "storage/sqlx"
        ],
        "requires": []
      },
      {
        "cargo_feature": "tool-agents-md",
        "config_properties": [],
        "conflicts": [],
        "id": "tool/agents-md",
        "kind": "tool",
        "provides": [
          "tool/agents-md"
        ],
        "requires": []
      },
      {
        "cargo_feature": "tool-brave-search",
        "config_properties": [],
        "conflicts": [],
        "id": "tool/brave-search",
        "kind": "search",
        "provides": [
          "tool/brave-search"
        ],
        "requires": []
      },
      {
        "cargo_feature": "tool-browser-live",
        "config_properties": [],
        "conflicts": [],
        "id": "tool/browser-live",
        "kind": "browser",
        "provides": [
          "tool/browser-close",
          "tool/browser-debug",
          "tool/browser-observe",
          "tool/browser-start",
          "tool/browser-step"
        ],
        "requires": []
      },
      {
        "cargo_feature": "tool-compression",
        "config_properties": [],
        "conflicts": [],
        "id": "tool/compression",
        "kind": "tool",
        "provides": [
          "tool/compression"
        ],
        "requires": []
      },
      {
        "cargo_feature": "tool-crw",
        "config_properties": [],
        "conflicts": [],
        "id": "tool/crw",
        "kind": "search",
        "provides": [
          "tool/crw-scrape",
          "tool/crw-search"
        ],
        "requires": []
      },
      {
        "cargo_feature": "tool-delegation",
        "config_properties": [],
        "conflicts": [],
        "id": "tool/delegation",
        "kind": "tool",
        "provides": [
          "tool/delegation"
        ],
        "requires": []
      },
      {
        "cargo_feature": "tool-file-delivery",
        "config_properties": [],
        "conflicts": [],
        "id": "tool/file-delivery",
        "kind": "file-delivery",
        "provides": [
          "tool/file-delivery"
        ],
        "requires": []
      },
      {
        "cargo_feature": "tool-media-audio",
        "config_properties": [],
        "conflicts": [],
        "id": "tool/media-audio",
        "kind": "media",
        "provides": [
          "tool/media-audio-transcription"
        ],
        "requires": []
      },
      {
        "cargo_feature": "tool-media-image",
        "config_properties": [],
        "conflicts": [],
        "id": "tool/media-image",
        "kind": "media",
        "provides": [
          "tool/media-image-description"
        ],
        "requires": []
      },
      {
        "cargo_feature": "tool-media-video",
        "config_properties": [],
        "conflicts": [],
        "id": "tool/media-video",
        "kind": "media",
        "provides": [
          "tool/media-video-description"
        ],
        "requires": []
      },
      {
        "cargo_feature": "tool-reminder",
        "config_properties": [],
        "conflicts": [],
        "id": "tool/reminder",
        "kind": "reminder",
        "provides": [
          "tool/reminder"
        ],
        "requires": []
      },
      {
        "cargo_feature": "tool-sandbox-exec",
        "config_properties": [],
        "conflicts": [],
        "id": "tool/sandbox-exec",
        "kind": "sandbox-tool",
        "provides": [
          "tool/sandbox-exec"
        ],
        "requires": [
          {
            "capabilities": [
              "sandbox-backend/docker-direct/exec",
              "sandbox-backend/sandboxd-client/exec"
            ],
            "kind": "any-of"
          }
        ]
      },
      {
        "cargo_feature": "tool-sandbox-fileops",
        "config_properties": [],
        "conflicts": [],
        "id": "tool/sandbox-fileops",
        "kind": "sandbox-tool",
        "provides": [
          "tool/sandbox-fileops",
          "tool/sandbox-list-files"
        ],
        "requires": [
          {
            "capabilities": [
              "sandbox-backend/docker-direct/fileops",
              "sandbox-backend/sandboxd-client/fileops"
            ],
            "kind": "any-of"
          }
        ]
      },
      {
        "cargo_feature": "tool-sandbox-recreate",
        "config_properties": [],
        "conflicts": [],
        "id": "tool/sandbox-recreate",
        "kind": "sandbox-tool",
        "provides": [
          "tool/sandbox-recreate"
        ],
        "requires": [
          {
            "capabilities": [
              "sandbox-backend/docker-direct/lifecycle",
              "sandbox-backend/sandboxd-client/lifecycle"
            ],
            "kind": "any-of"
          }
        ]
      },
      {
        "cargo_feature": "tool-stack-logs",
        "config_properties": [],
        "conflicts": [],
        "id": "tool/stack-logs",
        "kind": "diagnostics",
        "provides": [
          "tool/stack-logs"
        ],
        "requires": [
          {
            "capabilities": [
              "sandbox-backend/docker-direct/diagnostics",
              "sandbox-backend/sandboxd-client/diagnostics"
            ],
            "kind": "any-of"
          }
        ]
      },
      {
        "cargo_feature": "tool-tavily",
        "config_properties": [],
        "conflicts": [],
        "id": "tool/tavily",
        "kind": "search",
        "provides": [
          "tool/tavily-extract",
          "tool/tavily-search"
        ],
        "requires": []
      },
      {
        "cargo_feature": "tool-todos",
        "config_properties": [],
        "conflicts": [],
        "id": "tool/todos",
        "kind": "tool",
        "provides": [
          "tool/todos"
        ],
        "requires": []
      },
      {
        "cargo_feature": "tool-tts-kokoro",
        "config_properties": [],
        "conflicts": [],
        "id": "tool/tts-kokoro",
        "kind": "media",
        "provides": [
          "tool/tts-kokoro"
        ],
        "requires": []
      },
      {
        "cargo_feature": "tool-tts-silero",
        "config_properties": [],
        "conflicts": [],
        "id": "tool/tts-silero",
        "kind": "media",
        "provides": [
          "tool/tts-silero"
        ],
        "requires": []
      },
      {
        "cargo_feature": "tool-webfetch-md",
        "config_properties": [],
        "conflicts": [],
        "id": "tool/web-crawler",
        "kind": "search",
        "provides": [
          "tool/web-crawler"
        ],
        "requires": []
      },
      {
        "cargo_feature": "tool-webfetch-md",
        "config_properties": [],
        "conflicts": [],
        "id": "tool/webfetch-md",
        "kind": "search",
        "provides": [
          "tool/webfetch-md"
        ],
        "requires": []
      },
      {
        "cargo_feature": "tool-wiki-memory",
        "config_properties": [],
        "conflicts": [],
        "id": "tool/wiki-memory",
        "kind": "memory",
        "provides": [
          "tool/wiki-memory"
        ],
        "requires": []
      },
      {
        "cargo_feature": "tool-ytdlp",
        "config_properties": [],
        "conflicts": [],
        "id": "tool/ytdlp",
        "kind": "media",
        "provides": [
          "tool/ytdlp-download",
          "tool/ytdlp-metadata",
          "tool/ytdlp-transcript"
        ],
        "requires": [
          {
            "capabilities": [
              "sandbox-backend/docker-direct/exec",
              "sandbox-backend/sandboxd-client/exec"
            ],
            "kind": "any-of"
          },
          {
            "capabilities": [
              "sandbox-backend/docker-direct/fileops",
              "sandbox-backend/sandboxd-client/fileops"
            ],
            "kind": "any-of"
          }
        ]
      },
      {
        "cargo_feature": "transport-telegram",
        "config_properties": [],
        "conflicts": [],
        "id": "transport/telegram",
        "kind": "transport",
        "provides": [
          "transport/telegram"
        ],
        "requires": []
      },
      {
        "cargo_feature": "transport-web",
        "config_properties": [],
        "conflicts": [],
        "id": "transport/web",
        "kind": "transport",
        "provides": [
          "transport/web"
        ],
        "requires": []
      }
    ]
  },
  "enabled_manifest_default_config": {
    "capabilities": [
      "integration/mcp-jira",
      "integration/mcp-mattermost",
      "integration/ssh-mcp",
      "llm-provider/anthropic",
      "llm-provider/mistral",
      "llm-provider/openai-base",
      "llm-provider/openai-chatgpt",
      "llm-provider/opencode-go",
      "llm-provider/opencode-zen",
      "llm-provider/openrouter",
      "manager/agent-profile-admin",
      "manager/control-plane",
      "manager/topic-sandbox-admin",
      "sandbox-backend/docker-direct",
      "sandbox-backend/docker-direct/diagnostics",
      "sandbox-backend/docker-direct/exec",
      "sandbox-backend/docker-direct/fileops",
      "sandbox-backend/docker-direct/lifecycle",
      "sandbox-backend/sandboxd-client",
      "sandbox-backend/sandboxd-client/diagnostics",
      "sandbox-backend/sandboxd-client/exec",
      "sandbox-backend/sandboxd-client/fileops",
      "sandbox-backend/sandboxd-client/lifecycle",
      "sandbox-daemon/sandboxd",
      "storage/sqlx",
      "tool/agents-md",
      "tool/brave-search",
      "tool/browser-close",
      "tool/browser-debug",
      "tool/browser-observe",
      "tool/browser-start",
      "tool/browser-step",
      "tool/compression",
      "tool/crw-scrape",
      "tool/crw-search",
      "tool/delegation",
      "tool/file-delivery",
      "tool/media-audio-transcription",
      "tool/media-image-description",
      "tool/media-video-description",
      "tool/reminder",
      "tool/sandbox-exec",
      "tool/sandbox-fileops",
      "tool/sandbox-list-files",
      "tool/sandbox-recreate",
      "tool/stack-logs",
      "tool/tavily-extract",
      "tool/tavily-search",
      "tool/todos",
      "tool/tts-kokoro",
      "tool/tts-silero",
      "tool/web-crawler",
      "tool/webfetch-md",
      "tool/wiki-memory",
      "tool/ytdlp-download",
      "tool/ytdlp-metadata",
      "tool/ytdlp-transcript",
      "transport/telegram",
      "transport/web"
    ],
    "modules": [
      "integration/mcp-jira",
      "integration/mcp-mattermost",
      "integration/ssh-mcp",
      "llm-provider/anthropic",
      "llm-provider/mistral",
      "llm-provider/openai-base",
      "llm-provider/openai-chatgpt",
      "llm-provider/opencode-go",
      "llm-provider/opencode-zen",
      "llm-provider/openrouter",
      "manager/control-plane",
      "sandbox-backend/docker-direct",
      "sandbox-backend/sandboxd-client",
      "sandbox-daemon/sandboxd",
      "storage/sqlx",
      "tool/agents-md",
      "tool/brave-search",
      "tool/browser-live",
      "tool/compression",
      "tool/crw",
      "tool/delegation",
      "tool/file-delivery",
      "tool/media-audio",
      "tool/media-image",
      "tool/media-video",
      "tool/reminder",
      "tool/sandbox-exec",
      "tool/sandbox-fileops",
      "tool/sandbox-recreate",
      "tool/stack-logs",
      "tool/tavily",
      "tool/todos",
      "tool/tts-kokoro",
      "tool/tts-silero",
      "tool/web-crawler",
      "tool/webfetch-md",
      "tool/wiki-memory",
      "tool/ytdlp",
      "transport/telegram",
      "transport/web"
    ]
  },
  "registered_tool_names_default_config": [
    "apply_file_edit",
    "cancel_sub_agents",
    "compress",
    "describe_image_file",
    "describe_video_file",
    "execute_command",
    "list_files",
    "read_file",
    "recreate_sandbox",
    "send_file_to_user",
    "spawn_sub_agents",
    "stack_logs_fetch",
    "stack_logs_list_sources",
    "text_to_speech_en",
    "text_to_speech_en_file",
    "text_to_speech_ru",
    "text_to_speech_ru_file",
    "transcribe_audio_file",
    "upload_file",
    "wait_sub_agents",
    "web_markdown",
    "write_file",
    "write_todos",
    "ytdlp_download_audio",
    "ytdlp_download_transcript",
    "ytdlp_download_video",
    "ytdlp_get_video_metadata",
    "ytdlp_search_videos"
  ],
  "registered_llm_provider_ids_dummy_config": [
    "llm-provider/anthropic",
    "llm-provider/mistral",
    "llm-provider/openai-chatgpt",
    "llm-provider/opencode-go",
    "llm-provider/opencode-zen",
    "llm-provider/openrouter"
  ],
  "registered_llm_provider_aliases_dummy_config": [
    "anthropic",
    "chatgpt",
    "mistral",
    "openai-chatgpt",
    "opencode-go",
    "opencode-zen",
    "opencode_go",
    "opencode_zen",
    "openrouter"
  ],
  "storage_backend_module_ids": [
    "storage/sqlx"
  ],
  "sandbox_backend_module_ids": [
    "sandbox-backend/docker-direct",
    "sandbox-backend/sandboxd-client"
  ],
  "external_service_requirements": [
    {
      "module_id": "integration/mcp-jira",
      "kind": "mcp-integration",
      "cargo_feature": "integration-mcp-jira",
      "config_env": [],
      "requires_capabilities": []
    },
    {
      "module_id": "integration/mcp-mattermost",
      "kind": "mcp-integration",
      "cargo_feature": "integration-mcp-mattermost",
      "config_env": [],
      "requires_capabilities": []
    },
    {
      "module_id": "integration/ssh-mcp",
      "kind": "mcp-integration",
      "cargo_feature": "integration-ssh-mcp",
      "config_env": [],
      "requires_capabilities": []
    },
    {
      "module_id": "llm-provider/anthropic",
      "kind": "llm-provider",
      "cargo_feature": "llm-minimax",
      "config_env": [
        "ANTHROPIC_API_KEY"
      ],
      "requires_capabilities": []
    },
    {
      "module_id": "llm-provider/mistral",
      "kind": "llm-provider",
      "cargo_feature": "llm-mistral",
      "config_env": [
        "MISTRAL_API_KEY"
      ],
      "requires_capabilities": []
    },
    {
      "module_id": "llm-provider/openai-base",
      "kind": "llm-provider",
      "cargo_feature": "llm-openai-base",
      "config_env": [
        "OPENAI_BASE_PROVIDERS__N__NAME",
        "OPENAI_BASE_PROVIDERS__N__API_BASE",
        "OPENAI_BASE_PROVIDERS__N__API_KEY",
        "OPENAI_BASE_PROVIDERS__N__MODEL_CACHE_TTL_SECS",
        "OPENAI_BASE_PROVIDERS__N__MODELS_URL",
        "OPENAI_BASE_PROVIDERS__N__PROFILE"
      ],
      "requires_capabilities": []
    },
    {
      "module_id": "llm-provider/openai-chatgpt",
      "kind": "llm-provider",
      "cargo_feature": "llm-chatgpt",
      "config_env": [
        "CHATGPT_AUTH_PATH"
      ],
      "requires_capabilities": []
    },
    {
      "module_id": "llm-provider/opencode-go",
      "kind": "llm-provider",
      "cargo_feature": "llm-opencode-go",
      "config_env": [
        "OPENCODE_GO_API_BASE",
        "OPENCODE_API_KEY",
        "OPENCODE_GO_MESSAGES_API_BASE",
        "OPENCODE_GO_MODEL_CACHE_TTL_SECS",
        "OPENCODE_GO_MODELS_URL"
      ],
      "requires_capabilities": []
    },
    {
      "module_id": "llm-provider/opencode-zen",
      "kind": "llm-provider",
      "cargo_feature": "llm-opencode-go",
      "config_env": [
        "OPENCODE_ZEN_API_BASE",
        "OPENCODE_ZEN_API_KEY",
        "OPENCODE_ZEN_MESSAGES_API_BASE",
        "OPENCODE_ZEN_MODEL_CACHE_TTL_SECS",
        "OPENCODE_ZEN_MODELS_URL"
      ],
      "requires_capabilities": []
    },
    {
      "module_id": "llm-provider/openrouter",
      "kind": "llm-provider",
      "cargo_feature": "llm-openrouter",
      "config_env": [
        "OPENROUTER_API_KEY"
      ],
      "requires_capabilities": []
    },
    {
      "module_id": "sandbox-backend/docker-direct",
      "kind": "sandbox-backend",
      "cargo_feature": "sandbox-backend-docker-direct",
      "config_env": [],
      "requires_capabilities": []
    },
    {
      "module_id": "sandbox-backend/sandboxd-client",
      "kind": "sandbox-backend",
      "cargo_feature": "sandbox-backend-sandboxd-client",
      "config_env": [],
      "requires_capabilities": []
    },
    {
      "module_id": "sandbox-daemon/sandboxd",
      "kind": "service",
      "cargo_feature": "sandbox-daemon",
      "config_env": [],
      "requires_capabilities": [
        [
          "sandbox-backend/docker-direct"
        ]
      ]
    },
    {
      "module_id": "storage/sqlx",
      "kind": "storage-backend",
      "cargo_feature": "storage-sqlx",
      "config_env": [
        "OXIDE_DATABASE_CONNECT_TIMEOUT_SECS",
        "OXIDE_DATABASE_URL",
        "OXIDE_DATABASE_MAX_CONNECTIONS",
        "OXIDE_DATABASE_MIGRATE_ON_STARTUP",
        "OXIDE_DATABASE_MIGRATIONS_DIR"
      ],
      "requires_capabilities": []
    },
    {
      "module_id": "tool/brave-search",
      "kind": "search",
      "cargo_feature": "tool-brave-search",
      "config_env": [],
      "requires_capabilities": []
    },
    {
      "module_id": "tool/browser-live",
      "kind": "browser",
      "cargo_feature": "tool-browser-live",
      "config_env": [],
      "requires_capabilities": []
    },
    {
      "module_id": "tool/crw",
      "kind": "search",
      "cargo_feature": "tool-crw",
      "config_env": [],
      "requires_capabilities": []
    },
    {
      "module_id": "tool/tavily",
      "kind": "search",
      "cargo_feature": "tool-tavily",
      "config_env": [],
      "requires_capabilities": []
    },
    {
      "module_id": "tool/web-crawler",
      "kind": "search",
      "cargo_feature": "tool-webfetch-md",
      "config_env": [],
      "requires_capabilities": []
    },
    {
      "module_id": "tool/webfetch-md",
      "kind": "search",
      "cargo_feature": "tool-webfetch-md",
      "config_env": [],
      "requires_capabilities": []
    }
  ]
}
